// Jest Snapshot v1, https://goo.gl/fbAQLP

exports[`Movie Routes GET /movies should return a list of movies 1`] = `Array []`;
